2026-09-02 08:58 - TRACE: Password auth flow
2026-09-02 08:58 - ERROR: Username and Password flow is currently not supported; see https://github.com/mpult/rexit
2026-09-02 08:58 - TRACE: registering event source with poller: token=Token(0), interests=READABLE
2026-09-02 08:58 - TRACE: registering event source with poller: token=Token(1), interests=READABLE
2026-09-02 08:58 - DEBUG: starting new connection: https://www.reddit.com/
2026-09-02 08:58 - DEBUG: inserting secure cookie 'edgebucket'
2026-09-02 08:58 - DEBUG: CSRF Request Response headers: {"connection": "close", "content-length": "8399", "retry-after": "0", "cache-control": "private, no-store", "content-type": "text/html", "content-security-policy": "default-src 'none'; script-src 'nonce-481f01a8-a231-4ef4-9e49-4f11583c159e'; style-src 'unsafe-inline'; img-src https://www.redditstatic.com; form-action 'self';", "accept-ranges": "bytes", "date": "Wed, 02 Sep 2026 08:58:18 GMT", "via": "1.1 varnish", "server-timing": "reddit-ct;desc=\"dn=FT,p=CPH,cs=HIT\"", "strict-transport-security": "max-age=31536000; includeSubdomains", "x-content-type-options": "nosniff", "x-frame-options": "SAMEORIGIN", "x-xss-protection": "1; mode=block", "set-cookie": "edgebucket=lYOlpNZpunY5SQ4WE6; Domain=reddit.com; Max-Age=63071999; Path=/;  secure", "server": "snooserv", "report-to": "{\"group\": \"w3-reporting-nel\", \"max_age\": 14400, \"include_subdomains\": true,  \"endpoints\": [{ \"url\": \"https://w3-reporting-nel.reddit.com/reports\" }]}, {\"group\": \"w3-reporting\", \"max_age\": 14400, \"include_subdomains\": true, \"endpoints\": [{ \"url\": \"https://w3-reporting.reddit.com/reports\" }]}, {\"group\": \"w3-reporting-csp\", \"max_age\": 14400, \"include_subdomains\": true, \"endpoints\": [{ \"url\": \"https://w3-reporting-csp.reddit.com/reports\" }]}", "nel": "{\"report_to\": \"w3-reporting-nel\", \"max_age\": 14400, \"include_subdomains\": false, \"success_fraction\": 1.0, \"failure_fraction\": 1.0}"}
2026-09-02 08:58 - WARN: CSRF token request header {"connection": "close", "content-length": "8399", "retry-after": "0", "cache-control": "private, no-store", "content-type": "text/html", "content-security-policy": "default-src 'none'; script-src 'nonce-481f01a8-a231-4ef4-9e49-4f11583c159e'; style-src 'unsafe-inline'; img-src https://www.redditstatic.com; form-action 'self';", "accept-ranges": "bytes", "date": "Wed, 02 Sep 2026 08:58:18 GMT", "via": "1.1 varnish", "server-timing": "reddit-ct;desc=\"dn=FT,p=CPH,cs=HIT\"", "strict-transport-security": "max-age=31536000; includeSubdomains", "x-content-type-options": "nosniff", "x-frame-options": "SAMEORIGIN", "x-xss-protection": "1; mode=block", "set-cookie": "edgebucket=lYOlpNZpunY5SQ4WE6; Domain=reddit.com; Max-Age=63071999; Path=/;  secure", "server": "snooserv", "report-to": "{\"group\": \"w3-reporting-nel\", \"max_age\": 14400, \"include_subdomains\": true,  \"endpoints\": [{ \"url\": \"https://w3-reporting-nel.reddit.com/reports\" }]}, {\"group\": \"w3-reporting\", \"max_age\": 14400, \"include_subdomains\": true, \"endpoints\": [{ \"url\": \"https://w3-reporting.reddit.com/reports\" }]}, {\"group\": \"w3-reporting-csp\", \"max_age\": 14400, \"include_subdomains\": true, \"endpoints\": [{ \"url\": \"https://w3-reporting-csp.reddit.com/reports\" }]}", "nel": "{\"report_to\": \"w3-reporting-nel\", \"max_age\": 14400, \"include_subdomains\": false, \"success_fraction\": 1.0, \"failure_fraction\": 1.0}"}
2026-09-02 08:58 - WARN: CSRF TOKEN: 
2026-09-02 08:58 - DEBUG: starting new connection: https://www.reddit.com/
2026-09-02 08:58 - DEBUG: redirecting 'https://www.reddit.com/login' to 'https://www.reddit.com/login/'
2026-09-02 08:58 - DEBUG: starting new connection: https://www.reddit.com/
2026-09-02 08:58 - DEBUG: inserting secure cookie 'loid'
2026-09-02 08:58 - DEBUG: inserting secure cookie 'session_tracker'
2026-09-02 08:58 - DEBUG: inserting secure cookie 'csrf_token'
2026-09-02 08:58 - DEBUG: inserting secure cookie 'token_v2'
2026-09-02 08:58 - DEBUG: inserting secure cookie 'csv'
2026-09-02 08:58 - DEBUG: starting new connection: https://www.reddit.com/
2026-09-02 08:58 - DEBUG: inserting secure cookie 'session_tracker'
2026-09-02 08:58 - DEBUG: Matrix request body: "{\"type\":\"com.reddit.token\",\"token\":\"\",\"initial_device_display_name\":\"Reddit Web Client\"}"
2026-09-02 08:58 - DEBUG: starting new connection: https://matrix.redditspace.com/
2026-09-02 08:58 - DEBUG: Matrix login response: Response { url: Url { scheme: "https", cannot_be_a_base: false, username: "", password: None, host: Some(Domain("matrix.redditspace.com")), port: None, path: "/_matrix/client/r0/login", query: None, fragment: None }, status: 403, headers: {"connection": "keep-alive", "report-to": "{\"group\": \"w3-reporting-nel\", \"max_age\": 14400, \"include_subdomains\": true,  \"endpoints\": [{ \"url\": \"https://w3-reporting-nel.reddit.com/reports\" }]}, {\"group\": \"w3-reporting\", \"max_age\": 14400, \"include_subdomains\": true, \"endpoints\": [{ \"url\": \"https://w3-reporting.reddit.com/reports\" }]}, {\"group\": \"w3-reporting-csp\", \"max_age\": 14400, \"include_subdomains\": true, \"endpoints\": [{ \"url\": \"https://w3-reporting-csp.reddit.com/reports\" }]}", "access-control-allow-headers": "Origin, X-Requested-With, Content-Type, Accept, Authorization, X-Reddit-Loid, X-Reddit-Quic", "access-control-allow-methods": "GET, POST, PUT, DELETE, OPTIONS", "access-control-allow-origin": "*", "access-control-expose-headers": "X-Matrix-Telemetry", "nel": "{\"report_to\": \"w3-reporting-nel\", \"max_age\": 14400, \"include_subdomains\": false, \"success_fraction\": 0.1, \"failure_fraction\": 0.1}", "content-type": "application/json", "x-reddit-app-status": "backend", "accept-ranges": "bytes", "date": "Wed, 02 Sep 2026 08:58:19 GMT", "via": "1.1 varnish", "vary": "Accept-Encoding", "x-reddit-ct": "v=1,dn=FT,p=CPH,cs=MISS,rb=dd9346ae85a63bef57b269c4dd1205568bbf779968110d8ccf06e19c71ef", "strict-transport-security": "max-age=31536000; includeSubdomains", "x-content-type-options": "nosniff", "x-frame-options": "SAMEORIGIN", "x-xss-protection": "1; mode=block", "server": "snooserv"} }
